[INFO] Scanning for projects...
[INFO] 
[INFO] ---------------------< com.medcare:clinic-backend >---------------------
[INFO] Building  0.0.1-SNAPSHOT
[INFO]   from pom.xml
[INFO] --------------------------------[ jar ]---------------------------------
[INFO] 
[INFO] >>> spring-boot:4.0.5:run (default-cli) > test-compile @ clinic-backend >>>
[INFO] 
[INFO] --- resources:3.3.1:resources (default-resources) @ clinic-backend ---
[INFO] Copying 1 resource from src\main\resources to target\classes
[INFO] Copying 0 resource from src\main\resources to target\classes
[INFO] 
[INFO] --- compiler:3.14.1:compile (default-compile) @ clinic-backend ---
[INFO] Nothing to compile - all classes are up to date.
[INFO] 
[INFO] --- resources:3.3.1:testResources (default-testResources) @ clinic-backend ---
[INFO] skip non existing resourceDirectory C:\Users\TRIET(JAHAN)\Downloads\clinic-backend\clinic-backend\src\test\resources
[INFO] 
[INFO] --- compiler:3.14.1:testCompile (default-testCompile) @ clinic-backend ---
[INFO] Nothing to compile - all classes are up to date.
[INFO] 
[INFO] <<< spring-boot:4.0.5:run (default-cli) < test-compile @ clinic-backend <<<
[INFO] 
[INFO] 
[INFO] --- spring-boot:4.0.5:run (default-cli) @ clinic-backend ---
[INFO] Attaching agents: []

  .   ____          _            __ _ _
 /\\ / ___'_ __ _ _(_)_ __  __ _ \ \ \ \
( ( )\___ | '_ | '_| | '_ \/ _` | \ \ \ \
 \\/  ___)| |_)| | | | | || (_| |  ) ) ) )
  '  |____| .__|_| |_|_| |_\__, | / / / /
 =========|_|==============|___/=/_/_/_/

 :: Spring Boot ::                (v4.0.5)

2026-06-01T11:14:45.979+07:00  INFO 14924 --- [clinic-backend] [           main] c.m.c.ClinicBackendApplication           : Starting ClinicBackendApplication using Java 21.0.10 with PID 14924 (C:\Users\TRIET(JAHAN)\Downloads\clinic-backend\clinic-backend\target\classes started by TRIET(JAHAN) in C:\Users\TRIET(JAHAN)\Downloads\clinic-backend\clinic-backend)
2026-06-01T11:14:45.997+07:00  INFO 14924 --- [clinic-backend] [           main] c.m.c.ClinicBackendApplication           : No active profile set, falling back to 1 default profile: "default"
2026-06-01T11:14:47.445+07:00  INFO 14924 --- [clinic-backend] [           main] .s.d.r.c.RepositoryConfigurationDelegate : Bootstrapping Spring Data JPA repositories in DEFAULT mode.
2026-06-01T11:14:47.618+07:00  INFO 14924 --- [clinic-backend] [           main] .s.d.r.c.RepositoryConfigurationDelegate : Finished Spring Data repository scanning in 160 ms. Found 21 JPA repository interfaces.
2026-06-01T11:14:48.521+07:00  INFO 14924 --- [clinic-backend] [           main] o.s.boot.tomcat.TomcatWebServer          : Tomcat initialized with port 8084 (http)
2026-06-01T11:14:48.557+07:00  INFO 14924 --- [clinic-backend] [           main] o.apache.catalina.core.StandardService   : Starting service [Tomcat]
2026-06-01T11:14:48.558+07:00  INFO 14924 --- [clinic-backend] [           main] o.apache.catalina.core.StandardEngine    : Starting Servlet engine: [Apache Tomcat/11.0.20]
2026-06-01T11:14:48.658+07:00  INFO 14924 --- [clinic-backend] [           main] b.w.c.s.WebApplicationContextInitializer : Root WebApplicationContext: initialization completed in 2592 ms
2026-06-01T11:14:48.883+07:00  INFO 14924 --- [clinic-backend] [           main] org.hibernate.orm.jpa                    : HHH008540: Processing PersistenceUnitInfo [name: default]
2026-06-01T11:14:48.998+07:00  INFO 14924 --- [clinic-backend] [           main] org.hibernate.orm.core                   : HHH000001: Hibernate ORM core version 7.2.7.Final
2026-06-01T11:14:49.717+07:00  INFO 14924 --- [clinic-backend] [           main] o.s.o.j.p.SpringPersistenceUnitInfo      : No LoadTimeWeaver setup: ignoring JPA class transformer
2026-06-01T11:14:49.767+07:00  INFO 14924 --- [clinic-backend] [           main] com.zaxxer.hikari.HikariDataSource       : HikariPool-1 - Starting...
2026-06-01T11:14:50.021+07:00  INFO 14924 --- [clinic-backend] [           main] com.zaxxer.hikari.pool.HikariPool        : HikariPool-1 - Added connection org.postgresql.jdbc.PgConnection@8315e4a
2026-06-01T11:14:50.039+07:00  INFO 14924 --- [clinic-backend] [           main] com.zaxxer.hikari.HikariDataSource       : HikariPool-1 - Start completed.
2026-06-01T11:14:50.137+07:00  INFO 14924 --- [clinic-backend] [           main] org.hibernate.orm.connections.pooling    : HHH10001005: Database info:
	Database JDBC URL [jdbc:postgresql://localhost:5432/clinic_booking_db]
	Database driver: PostgreSQL JDBC Driver
	Database dialect: PostgreSQLDialect
	Database version: 18.3
	Default catalog/schema: clinic_booking_db/public
	Autocommit mode: undefined/unknown
	Isolation level: READ_COMMITTED [default READ_COMMITTED]
	JDBC fetch size: none
	Pool: DataSourceConnectionProvider
	Minimum pool size: undefined/unknown
	Maximum pool size: undefined/unknown
2026-06-01T11:14:52.109+07:00  INFO 14924 --- [clinic-backend] [           main] org.hibernate.orm.core                   : HHH000489: No JTA platform available (set 'hibernate.transaction.jta.platform' to enable JTA platform integration)
2026-06-01T11:14:52.302+07:00  INFO 14924 --- [clinic-backend] [           main] j.LocalContainerEntityManagerFactoryBean : Initialized JPA EntityManagerFactory for persistence unit 'default'
2026-06-01T11:14:52.436+07:00  INFO 14924 --- [clinic-backend] [           main] o.s.d.j.r.query.QueryEnhancerFactories   : Hibernate is in classpath; If applicable, HQL parser will be used.
2026-06-01T11:14:55.652+07:00  INFO 14924 --- [clinic-backend] [           main] r$InitializeUserDetailsManagerConfigurer : Global AuthenticationManager configured with UserDetailsService bean with name customUserDetailsService
2026-06-01T11:14:57.422+07:00  INFO 14924 --- [clinic-backend] [           main] o.s.boot.tomcat.TomcatWebServer          : Tomcat started on port 8084 (http) with context path '/'
2026-06-01T11:14:57.446+07:00  INFO 14924 --- [clinic-backend] [           main] c.m.c.ClinicBackendApplication           : Started ClinicBackendApplication in 12.145 seconds (process running for 12.741)
2026-06-01T11:14:57.826+07:00  WARN 14924 --- [clinic-backend] [           main] o.s.core.events.SpringDocAppInitializer  : SpringDoc /v3/api-docs endpoint is enabled by default. To disable it in production, set the property 'springdoc.api-docs.enabled=false'
2026-06-01T11:14:57.827+07:00  WARN 14924 --- [clinic-backend] [           main] o.s.core.events.SpringDocAppInitializer  : SpringDoc /swagger-ui.html endpoint is enabled by default. To disable it in production, set the property 'springdoc.swagger-ui.enabled=false'
2026-06-01T11:14:59.746+07:00  INFO 14924 --- [clinic-backend] [nio-8084-exec-1] o.a.c.c.C.[Tomcat].[localhost].[/]       : Initializing Spring DispatcherServlet 'dispatcherServlet'
2026-06-01T11:14:59.747+07:00  INFO 14924 --- [clinic-backend] [nio-8084-exec-1] o.s.web.servlet.DispatcherServlet        : Initializing Servlet 'dispatcherServlet'
2026-06-01T11:14:59.750+07:00  INFO 14924 --- [clinic-backend] [nio-8084-exec-1] o.s.web.servlet.DispatcherServlet        : Completed initialization in 3 ms
[INFO] ------------------------------------------------------------------------
[INFO] BUILD FAILURE
[INFO] ------------------------------------------------------------------------
[INFO] Total time:  38.306 s
[INFO] Finished at: 2026-06-01T11:15:19+07:00
[INFO] ------------------------------------------------------------------------
[ERROR] Failed to execute goal org.springframework.boot:spring-boot-maven-plugin:4.0.5:run (default-cli) on project clinic-backend: Process terminated with exit code: -1 -> [Help 1]
[ERROR] 
[ERROR] To see the full stack trace of the errors, re-run Maven with the -e switch.
[ERROR] Re-run Maven using the -X switch to enable full debug logging.
[ERROR] 
[ERROR] For more information about the errors and possible solutions, please read the following articles:
[ERROR] [Help 1] http://cwiki.apache.org/confluence/display/MAVEN/MojoExecutionException
