[INFO] Scanning for projects...
[INFO] 
[INFO] ---------------------< com.medcare:clinic-backend >---------------------
[INFO] Building  0.0.1-SNAPSHOT
[INFO]   from pom.xml
[INFO] --------------------------------[ jar ]---------------------------------
[INFO] 
[INFO] >>> spring-boot:4.0.5:run (default-cli) > test-compile @ clinic-backend >>>
[INFO] 
[INFO] --- resources:3.3.1:resources (default-resources) @ clinic-backend ---
[INFO] Copying 1 resource from src\main\resources to target\classes
[INFO] Copying 0 resource from src\main\resources to target\classes
[INFO] 
[INFO] --- compiler:3.14.1:compile (default-compile) @ clinic-backend ---
[INFO] Nothing to compile - all classes are up to date.
[INFO] 
[INFO] --- resources:3.3.1:testResources (default-testResources) @ clinic-backend ---
[INFO] skip non existing resourceDirectory C:\Users\TRIET(JAHAN)\Downloads\clinic-backend\clinic-backend\src\test\resources
[INFO] 
[INFO] --- compiler:3.14.1:testCompile (default-testCompile) @ clinic-backend ---
[INFO] Nothing to compile - all classes are up to date.
[INFO] 
[INFO] <<< spring-boot:4.0.5:run (default-cli) < test-compile @ clinic-backend <<<
[INFO] 
[INFO] 
[INFO] --- spring-boot:4.0.5:run (default-cli) @ clinic-backend ---
[INFO] Attaching agents: []

  .   ____          _            __ _ _
 /\\ / ___'_ __ _ _(_)_ __  __ _ \ \ \ \
( ( )\___ | '_ | '_| | '_ \/ _` | \ \ \ \
 \\/  ___)| |_)| | | | | || (_| |  ) ) ) )
  '  |____| .__|_| |_|_| |_\__, | / / / /
 =========|_|==============|___/=/_/_/_/

 :: Spring Boot ::                (v4.0.5)

2026-06-01T11:11:24.649+07:00  INFO 8608 --- [clinic-backend] [           main] c.m.c.ClinicBackendApplication           : Starting ClinicBackendApplication using Java 21.0.10 with PID 8608 (C:\Users\TRIET(JAHAN)\Downloads\clinic-backend\clinic-backend\target\classes started by TRIET(JAHAN) in C:\Users\TRIET(JAHAN)\Downloads\clinic-backend\clinic-backend)
2026-06-01T11:11:24.668+07:00  INFO 8608 --- [clinic-backend] [           main] c.m.c.ClinicBackendApplication           : No active profile set, falling back to 1 default profile: "default"
2026-06-01T11:11:26.193+07:00  INFO 8608 --- [clinic-backend] [           main] .s.d.r.c.RepositoryConfigurationDelegate : Bootstrapping Spring Data JPA repositories in DEFAULT mode.
2026-06-01T11:11:26.381+07:00  INFO 8608 --- [clinic-backend] [           main] .s.d.r.c.RepositoryConfigurationDelegate : Finished Spring Data repository scanning in 161 ms. Found 21 JPA repository interfaces.
2026-06-01T11:11:27.325+07:00  INFO 8608 --- [clinic-backend] [           main] o.s.boot.tomcat.TomcatWebServer          : Tomcat initialized with port 8083 (http)
2026-06-01T11:11:27.359+07:00  INFO 8608 --- [clinic-backend] [           main] o.apache.catalina.core.StandardService   : Starting service [Tomcat]
2026-06-01T11:11:27.360+07:00  INFO 8608 --- [clinic-backend] [           main] o.apache.catalina.core.StandardEngine    : Starting Servlet engine: [Apache Tomcat/11.0.20]
2026-06-01T11:11:27.467+07:00  INFO 8608 --- [clinic-backend] [           main] b.w.c.s.WebApplicationContextInitializer : Root WebApplicationContext: initialization completed in 2729 ms
2026-06-01T11:11:27.713+07:00  INFO 8608 --- [clinic-backend] [           main] org.hibernate.orm.jpa                    : HHH008540: Processing PersistenceUnitInfo [name: default]
2026-06-01T11:11:27.820+07:00  INFO 8608 --- [clinic-backend] [           main] org.hibernate.orm.core                   : HHH000001: Hibernate ORM core version 7.2.7.Final
2026-06-01T11:11:28.544+07:00  INFO 8608 --- [clinic-backend] [           main] o.s.o.j.p.SpringPersistenceUnitInfo      : No LoadTimeWeaver setup: ignoring JPA class transformer
2026-06-01T11:11:28.607+07:00  INFO 8608 --- [clinic-backend] [           main] com.zaxxer.hikari.HikariDataSource       : HikariPool-1 - Starting...
2026-06-01T11:11:29.005+07:00  INFO 8608 --- [clinic-backend] [           main] com.zaxxer.hikari.pool.HikariPool        : HikariPool-1 - Added connection org.postgresql.jdbc.PgConnection@6be422da
2026-06-01T11:11:29.022+07:00  INFO 8608 --- [clinic-backend] [           main] com.zaxxer.hikari.HikariDataSource       : HikariPool-1 - Start completed.
2026-06-01T11:11:29.130+07:00  INFO 8608 --- [clinic-backend] [           main] org.hibernate.orm.connections.pooling    : HHH10001005: Database info:
	Database JDBC URL [jdbc:postgresql://localhost:5432/clinic_booking_db]
	Database driver: PostgreSQL JDBC Driver
	Database dialect: PostgreSQLDialect
	Database version: 18.3
	Default catalog/schema: clinic_booking_db/public
	Autocommit mode: undefined/unknown
	Isolation level: READ_COMMITTED [default READ_COMMITTED]
	JDBC fetch size: none
	Pool: DataSourceConnectionProvider
	Minimum pool size: undefined/unknown
	Maximum pool size: undefined/unknown
2026-06-01T11:11:31.173+07:00  INFO 8608 --- [clinic-backend] [           main] org.hibernate.orm.core                   : HHH000489: No JTA platform available (set 'hibernate.transaction.jta.platform' to enable JTA platform integration)
2026-06-01T11:11:31.346+07:00  INFO 8608 --- [clinic-backend] [           main] j.LocalContainerEntityManagerFactoryBean : Initialized JPA EntityManagerFactory for persistence unit 'default'
2026-06-01T11:11:31.470+07:00  INFO 8608 --- [clinic-backend] [           main] o.s.d.j.r.query.QueryEnhancerFactories   : Hibernate is in classpath; If applicable, HQL parser will be used.
2026-06-01T11:11:34.712+07:00  INFO 8608 --- [clinic-backend] [           main] r$InitializeUserDetailsManagerConfigurer : Global AuthenticationManager configured with UserDetailsService bean with name customUserDetailsService
2026-06-01T11:11:36.608+07:00  WARN 8608 --- [clinic-backend] [           main] ConfigServletWebServerApplicationContext : Exception encountered during context initialization - cancelling refresh attempt: org.springframework.context.ApplicationContextException: Failed to start bean 'webServerStartStop'
2026-06-01T11:11:36.617+07:00  INFO 8608 --- [clinic-backend] [           main] j.LocalContainerEntityManagerFactoryBean : Closing JPA EntityManagerFactory for persistence unit 'default'
2026-06-01T11:11:36.621+07:00  INFO 8608 --- [clinic-backend] [           main] com.zaxxer.hikari.HikariDataSource       : HikariPool-1 - Shutdown initiated...
2026-06-01T11:11:36.631+07:00  INFO 8608 --- [clinic-backend] [           main] com.zaxxer.hikari.HikariDataSource       : HikariPool-1 - Shutdown completed.
2026-06-01T11:11:36.650+07:00  INFO 8608 --- [clinic-backend] [           main] .s.b.a.l.ConditionEvaluationReportLogger : 

Error starting ApplicationContext. To display the condition evaluation report re-run your application with 'debug' enabled.
2026-06-01T11:11:36.674+07:00 ERROR 8608 --- [clinic-backend] [           main] o.s.b.d.LoggingFailureAnalysisReporter   : 

***************************
APPLICATION FAILED TO START
***************************

Description:

Web server failed to start. Port 8083 was already in use.

Action:

Identify and stop the process that's listening on port 8083 or configure[INFO] ------------------------------------------------------------------------
[INFO] BUILD FAILURE
[INFO] ------------------------------------------------------------------------
[INFO] Total time:  04:08 min
[INFO] Finished at: 2026-06-01T11:13:41+07:00
[INFO] ------------------------------------------------------------------------
[ERROR] Failed to execute goal org.springframework.boot:spring-boot-maven-plugin:4.0.5:run (default-cli) on project clinic-backend: Process terminated with exit code: -1 -> [Help 1]
[ERROR] 
[ERROR] To see the full stack trace of the errors, re-run Maven with the -e switch.
[ERROR] Re-run Maven using the -X switch to enable full debug logging.
[ERROR] 
[ERROR] For more information about the errors and possible solutions, please read the following articles:
[ERROR] [Help 1] http://cwiki.apache.org/confluence/display/MAVEN/MojoExecutionException
fluence/display/MAVEN/MojoExecutionException
